Archive member included to satisfy reference by file (symbol)

C:/ST/STM32CubeIDE_1.19.0/STM32CubeIDE/plugins/com.st.stm32cube.ide.mcu.externaltools.gnu-tools-for-stm32.13.3.rel1.win32_1.0.0.202411081344/tools/bin/../lib/gcc/arm-none-eabi/13.3.1/../../../../arm-none-eabi/lib/thumb/v7e-m+fp/hard\libc_nano.a(libc_a-exit.o)
                              C:/ST/STM32CubeIDE_1.19.0/STM32CubeIDE/plugins/com.st.stm32cube.ide.mcu.externaltools.gnu-tools-for-stm32.13.3.rel1.win32_1.0.0.202411081344/tools/bin/../lib/gcc/arm-none-eabi/13.3.1/../../../../arm-none-eabi/lib/thumb/v7e-m+fp/hard/crt0.o (exit)
C:/ST/STM32CubeIDE_1.19.0/STM32CubeIDE/plugins/com.st.stm32cube.ide.mcu.externaltools.gnu-tools-for-stm32.13.3.rel1.win32_1.0.0.202411081344/tools/bin/../lib/gcc/arm-none-eabi/13.3.1/../../../../arm-none-eabi/lib/thumb/v7e-m+fp/hard\libc_nano.a(libc_a-findfp.o)
                              C:/ST/STM32CubeIDE_1.19.0/STM32CubeIDE/plugins/com.st.stm32cube.ide.mcu.externaltools.gnu-tools-for-stm32.13.3.rel1.win32_1.0.0.202411081344/tools/bin/../lib/gcc/arm-none-eabi/13.3.1/../../../../arm-none-eabi/lib/thumb/v7e-m+fp/hard\libc_nano.a(libc_a-exit.o) (__stdio_exit_handler)
C:/ST/STM32CubeIDE_1.19.0/STM32CubeIDE/plugins/com.st.stm32cube.ide.mcu.externaltools.gnu-tools-for-stm32.13.3.rel1.win32_1.0.0.202411081344/tools/bin/../lib/gcc/arm-none-eabi/13.3.1/../../../../arm-none-eabi/lib/thumb/v7e-m+fp/hard\libc_nano.a(libc_a-fwalk.o)
                              C:/ST/STM32CubeIDE_1.19.0/STM32CubeIDE/plugins/com.st.stm32cube.ide.mcu.externaltools.gnu-tools-for-stm32.13.3.rel1.win32_1.0.0.202411081344/tools/bin/../lib/gcc/arm-none-eabi/13.3.1/../../../../arm-none-eabi/lib/thumb/v7e-m+fp/hard\libc_nano.a(libc_a-findfp.o) (_fwalk_sglue)
C:/ST/STM32CubeIDE_1.19.0/STM32CubeIDE/plugins/com.st.stm32cube.ide.mcu.externaltools.gnu-tools-for-stm32.13.3.rel1.win32_1.0.0.202411081344/tools/bin/../lib/gcc/arm-none-eabi/13.3.1/../../../../arm-none-eabi/lib/thumb/v7e-m+fp/hard\libc_nano.a(libc_a-snprintf.o)
                              ./user_code/src/utilities/logging_utility.o (snprintf)
C:/ST/STM32CubeIDE_1.19.0/STM32CubeIDE/plugins/com.st.stm32cube.ide.mcu.externaltools.gnu-tools-for-stm32.13.3.rel1.win32_1.0.0.202411081344/tools/bin/../lib/gcc/arm-none-eabi/13.3.1/../../../../arm-none-eabi/lib/thumb/v7e-m+fp/hard\libc_nano.a(libc_a-stdio.o)
                              C:/ST/STM32CubeIDE_1.19.0/STM32CubeIDE/plugins/com.st.stm32cube.ide.mcu.externaltools.gnu-tools-for-stm32.13.3.rel1.win32_1.0.0.202411081344/tools/bin/../lib/gcc/arm-none-eabi/13.3.1/../../../../arm-none-eabi/lib/thumb/v7e-m+fp/hard\libc_nano.a(libc_a-findfp.o) (__sread)
C:/ST/STM32CubeIDE_1.19.0/STM32CubeIDE/plugins/com.st.stm32cube.ide.mcu.externaltools.gnu-tools-for-stm32.13.3.rel1.win32_1.0.0.202411081344/tools/bin/../lib/gcc/arm-none-eabi/13.3.1/../../../../arm-none-eabi/lib/thumb/v7e-m+fp/hard\libc_nano.a(libc_a-vsnprintf.o)
                              ./user_code/src/utilities/logging_utility.o (vsnprintf)
C:/ST/STM32CubeIDE_1.19.0/STM32CubeIDE/plugins/com.st.stm32cube.ide.mcu.externaltools.gnu-tools-for-stm32.13.3.rel1.win32_1.0.0.202411081344/tools/bin/../lib/gcc/arm-none-eabi/13.3.1/../../../../arm-none-eabi/lib/thumb/v7e-m+fp/hard\libc_nano.a(libc_a-memset.o)
                              C:/ST/STM32CubeIDE_1.19.0/STM32CubeIDE/plugins/com.st.stm32cube.ide.mcu.externaltools.gnu-tools-for-stm32.13.3.rel1.win32_1.0.0.202411081344/tools/bin/../lib/gcc/arm-none-eabi/13.3.1/../../../../arm-none-eabi/lib/thumb/v7e-m+fp/hard/crt0.o (memset)
C:/ST/STM32CubeIDE_1.19.0/STM32CubeIDE/plugins/com.st.stm32cube.ide.mcu.externaltools.gnu-tools-for-stm32.13.3.rel1.win32_1.0.0.202411081344/tools/bin/../lib/gcc/arm-none-eabi/13.3.1/../../../../arm-none-eabi/lib/thumb/v7e-m+fp/hard\libc_nano.a(libc_a-closer.o)
                              C:/ST/STM32CubeIDE_1.19.0/STM32CubeIDE/plugins/com.st.stm32cube.ide.mcu.externaltools.gnu-tools-for-stm32.13.3.rel1.win32_1.0.0.202411081344/tools/bin/../lib/gcc/arm-none-eabi/13.3.1/../../../../arm-none-eabi/lib/thumb/v7e-m+fp/hard\libc_nano.a(libc_a-stdio.o) (_close_r)
C:/ST/STM32CubeIDE_1.19.0/STM32CubeIDE/plugins/com.st.stm32cube.ide.mcu.externaltools.gnu-tools-for-stm32.13.3.rel1.win32_1.0.0.202411081344/tools/bin/../lib/gcc/arm-none-eabi/13.3.1/../../../../arm-none-eabi/lib/thumb/v7e-m+fp/hard\libc_nano.a(libc_a-reent.o)
                              C:/ST/STM32CubeIDE_1.19.0/STM32CubeIDE/plugins/com.st.stm32cube.ide.mcu.externaltools.gnu-tools-for-stm32.13.3.rel1.win32_1.0.0.202411081344/tools/bin/../lib/gcc/arm-none-eabi/13.3.1/../../../../arm-none-eabi/lib/thumb/v7e-m+fp/hard\libc_nano.a(libc_a-closer.o) (errno)
C:/ST/STM32CubeIDE_1.19.0/STM32CubeIDE/plugins/com.st.stm32cube.ide.mcu.externaltools.gnu-tools-for-stm32.13.3.rel1.win32_1.0.0.202411081344/tools/bin/../lib/gcc/arm-none-eabi/13.3.1/../../../../arm-none-eabi/lib/thumb/v7e-m+fp/hard\libc_nano.a(libc_a-impure.o)
[...]
Memory Configuration

Name             Origin             Length             Attributes
CCMRAM           0x10000000         0x00004000         xrw
RAM              0x20000000         0x00010000         xrw
FLASH            0x08000000         0x00080000         xr
*default*        0x00000000         0xffffffff

Linker script and memory map

LOAD C:/ST/STM32CubeIDE_1.19.0/STM32CubeIDE/plugins/com.st.stm32cube.ide.mcu.externaltools.gnu-tools-for-stm32.13.3.rel1.win32_1.0.0.202411081344/tools/bin/../lib/gcc/arm-none-eabi/13.3.1/thumb/v7e-m+fp/hard/crti.o
LOAD C:/ST/STM32CubeIDE_1.19.0/STM32CubeIDE/plugins/com.st.stm32cube.ide.mcu.externaltools.gnu-tools-for-stm32.13.3.rel1.win32_1.0.0.202411081344/tools/bin/../lib/gcc/arm-none-eabi/13.3.1/thumb/v7e-m+fp/hard/crtbegin.o
LOAD C:/ST/STM32CubeIDE_1.19.0/STM32CubeIDE/plugins/com.st.stm32cube.ide.mcu.externaltools.gnu-tools-for-stm32.13.3.rel1.win32_1.0.0.202411081344/tools/bin/../lib/gcc/arm-none-eabi/13.3.1/../../../../arm-none-eabi/lib/thumb/v7e-m+fp/hard/crt0.o
LOAD ./Core/Src/dma.o
LOAD ./Core/Src/gpio.o
LOAD ./Core/Src/i2c.o
LOAD ./Core/Src/main.o
LOAD ./Core/Src/spi.o
LOAD ./Core/Src/stm32f3xx_hal_msp.o
LOAD ./Core/Src/stm32f3xx_it.o
LOAD ./Core/Src/syscalls.o
LOAD ./Core/Src/sysmem.o
LOAD ./Core/Src/system_stm32f3xx.o
LOAD ./Core/Src/usart.o
LOAD ./Core/Startup/startup_stm32f303retx.o
LOAD ./Drivers/STM32F3xx_HAL_Driver/Src/stm32f3xx_hal.o
LOAD ./Drivers/STM32F3xx_HAL_Driver/Src/stm32f3xx_hal_cortex.o
LOAD ./Drivers/STM32F3xx_HAL_Driver/Src/stm32f3xx_hal_dma.o
LOAD ./Drivers/STM32F3xx_HAL_Driver/Src/stm32f3xx_hal_exti.o
LOAD ./Drivers/STM32F3xx_HAL_Driver/Src/stm32f3xx_hal_flash.o
LOAD ./Drivers/STM32F3xx_HAL_Driver/Src/stm32f3xx_hal_flash_ex.o
LOAD ./Drivers/STM32F3xx_HAL_Driver/Src/stm32f3xx_hal_gpio.o
LOAD ./Drivers/STM32F3xx_HAL_Driver/Src/stm32f3xx_hal_i2c.o
LOAD ./Drivers/STM32F3xx_HAL_Driver/Src/stm32f3xx_hal_i2c_ex.o
LOAD ./Drivers/STM32F3xx_HAL_Driver/Src/stm32f3xx_hal_pwr.o
LOAD ./Drivers/STM32F3xx_HAL_Driver/Src/stm32f3xx_hal_pwr_ex.o
LOAD ./Drivers/STM32F3xx_HAL_Driver/Src/stm32f3xx_hal_rcc.o
LOAD ./Drivers/STM32F3xx_HAL_Driver/Src/stm32f3xx_hal_rcc_ex.o
LOAD ./Drivers/STM32F3xx_HAL_Driver/Src/stm32f3xx_hal_spi.o
LOAD ./Drivers/STM32F3xx_HAL_Driver/Src/stm32f3xx_hal_spi_ex.o
LOAD ./Drivers/STM32F3xx_HAL_Driver/Src/stm32f3xx_hal_uart.o
LOAD ./Drivers/STM32F3xx_HAL_Driver/Src/stm32f3xx_hal_uart_ex.o
LOAD ./user_code/src/application/user_main.o
LOAD ./user_code/src/bsp/bsp_uart.o
LOAD ./user_code/src/utilities/logging_utility.o
START GROUP
LOAD C:/ST/STM32CubeIDE_1.19.0/STM32CubeIDE/plugins/com.st.stm32cube.ide.mcu.externaltools.gnu-tools-for-stm32.13.3.rel1.win32_1.0.0.202411081344/tools/bin/../lib/gcc/arm-none-eabi/13.3.1/../../../../arm-none-eabi/lib/thumb/v7e-m+fp/hard\libc_nano.a
LOAD C:/ST/STM32CubeIDE_1.19.0/STM32CubeIDE/plugins/com.st.stm32cube.ide.mcu.externaltools.gnu-tools-for-stm32.13.3.rel1.win32_1.0.0.202411081344/tools/bin/../lib/gcc/arm-none-eabi/13.3.1/../../../../arm-none-eabi/lib/thumb/v7e-m+fp/hard\libm.a
END GROUP
START GROUP
LOAD C:/ST/STM32CubeIDE_1.19.0/STM32CubeIDE/plugins/com.st.stm32cube.ide.mcu.externaltools.gnu-tools-for-stm32.13.3.rel1.win32_1.0.0.202411081344/tools/bin/../lib/gcc/arm-none-eabi/13.3.1/thumb/v7e-m+fp/hard\libgcc.a
LOAD C:/ST/STM32CubeIDE_1.19.0/STM32CubeIDE/plugins/com.st.stm32cube.ide.mcu.externaltools.gnu-tools-for-stm32.13.3.rel1.win32_1.0.0.202411081344/tools/bin/../lib/gcc/arm-none-eabi/13.3.1/../../../../arm-none-eabi/lib/thumb/v7e-m+fp/hard\libc_nano.a
END GROUP
START GROUP
LOAD C:/ST/STM32CubeIDE_1.19.0/STM32CubeIDE/plugins/com.st.stm32cube.ide.mcu.externaltools.gnu-tools-for-stm32.13.3.rel1.win32_1.0.0.202411081344/tools/bin/../lib/gcc/arm-none-eabi/13.3.1/thumb/v7e-m+fp/hard\libgcc.a
LOAD C:/ST/STM32CubeIDE_1.19.0/STM32CubeIDE/plugins/com.st.stm32cube.ide.mcu.externaltools.gnu-tools-for-stm32.13.3.rel1.win32_1.0.0.202411081344/tools/bin/../lib/gcc/arm-none-eabi/13.3.1/../../../../arm-none-eabi/lib/thumb/v7e-m+fp/hard\libc_nano.a
LOAD C:/ST/STM32CubeIDE_1.19.0/STM32CubeIDE/plugins/com.st.stm32cube.ide.mcu.externaltools.gnu-tools-for-stm32.13.3.rel1.win32_1.0.0.202411081344/tools/bin/../lib/gcc/arm-none-eabi/13.3.1/../../../../arm-none-eabi/lib/thumb/v7e-m+fp/hard\libnosys.a
END GROUP
START GROUP
LOAD C:/ST/STM32CubeIDE_1.19.0/STM32CubeIDE/plugins/com.st.stm32cube.ide.mcu.externaltools.gnu-tools-for-stm32.13.3.rel1.win32_1.0.0.202411081344/tools/bin/../lib/gcc/arm-none-eabi/13.3.1/thumb/v7e-m+fp/hard\libgcc.a
LOAD C:/ST/STM32CubeIDE_1.19.0/STM32CubeIDE/plugins/com.st.stm32cube.ide.mcu.externaltools.gnu-tools-for-stm32.13.3.rel1.win32_1.0.0.202411081344/tools/bin/../lib/gcc/arm-none-eabi/13.3.1/../../../../arm-none-eabi/lib/thumb/v7e-m+fp/hard\libc_nano.a
LOAD C:/ST/STM32CubeIDE_1.19.0/STM32CubeIDE/plugins/com.st.stm32cube.ide.mcu.externaltools.gnu-tools-for-stm32.13.3.rel1.win32_1.0.0.202411081344/tools/bin/../lib/gcc/arm-none-eabi/13.3.1/../../../../arm-none-eabi/lib/thumb/v7e-m+fp/hard\libnosys.a
END GROUP
LOAD C:/ST/STM32CubeIDE_1.19.0/STM32CubeIDE/plugins/com.st.stm32cube.ide.mcu.externaltools.gnu-tools-for-stm32.13.3.rel1.win32_1.0.0.202411081344/tools/bin/../lib/gcc/arm-none-eabi/13.3.1/thumb/v7e-m+fp/hard/crtend.o
LOAD C:/ST/STM32CubeIDE_1.19.0/STM32CubeIDE/plugins/com.st.stm32cube.ide.mcu.externaltools.gnu-tools-for-stm32.13.3.rel1.win32_1.0.0.202411081344/tools/bin/../lib/gcc/arm-none-eabi/13.3.1/thumb/v7e-m+fp/hard/crtn.o
                0x20010000                        _estack = (ORIGIN (RAM) + LENGTH (RAM))
                0x00000200                        _Min_Heap_Size = 0x200
                0x00000400                        _Min_Stack_Size = 0x400

.isr_vector     0x08000000      0x194
                0x08000000                        . = ALIGN (0x4)
 *(.isr_vector)
 .isr_vector    0x08000000      0x194 ./Core/Startup/startup_stm32f303retx.o
                0x08000000                g_pfnVectors
                0x08000194                        . = ALIGN (0x4)

.text           0x08000194     0x379c
                0x08000194                        . = ALIGN (0x4)
 *(.text)
 .text          0x08000194       0x40 C:/ST/STM32CubeIDE_1.19.0/STM32CubeIDE/plugins/com.st.stm32cube.ide.mcu.externaltools.gnu-tools-for-stm32.13.3.rel1.win32_1.0.0.202411081344/tools/bin/../lib/gcc/arm-none-eabi/13.3.1/thumb/v7e-m+fp/hard/crtbegin.o
 *(.text*)
 .text.MX_DMA_Init
                0x080001d4       0x4c ./Core/Src/dma.o
                0x080001d4                MX_DMA_Init
 .text.MX_GPIO_Init
                0x08000220      0x114 ./Core/Src/gpio.o
                0x08000220                MX_GPIO_Init
 .text.MX_I2C1_Init
                0x08000334       0x80 ./Core/Src/i2c.o
                0x08000334                MX_I2C1_Init
 .text.MX_I2C3_Init
                0x080003b4       0x80 ./Core/Src/i2c.o
                0x080003b4                MX_I2C3_Init
 .text.HAL_I2C_MspInit
                0x08000434      0x168 ./Core/Src/i2c.o
                0x08000434                HAL_I2C_MspInit
 .text.main     0x0800059c       0x32 ./Core/Src/main.o
                0x0800059c                main
 *fill*         0x080005ce        0x2 
 .text.SystemClock_Config
                0x080005d0       0xcc ./Core/Src/main.o
                0x080005d0                SystemClock_Config
 .text.Error_Handler
                0x0800069c        0xc ./Core/Src/main.o
                0x0800069c                Error_Handler
 .text.MX_SPI2_Init
                0x080006a8       0x7c ./Core/Src/spi.o
                0x080006a8                MX_SPI2_Init
 .text.HAL_SPI_MspInit
                0x08000724       0x88 ./Core/Src/spi.o
                0x08000724                HAL_SPI_MspInit
 .text.HAL_MspInit
                0x080007ac       0x48 ./Core/Src/stm32f3xx_hal_msp.o
                0x080007ac                HAL_MspInit
 .text.NMI_Handler
                0x080007f4        0x8 ./Core/Src/stm32f3xx_it.o
                0x080007f4                NMI_Handler
 .text.HardFault_Handler
                0x080007fc        0x8 ./Core/Src/stm32f3xx_it.o
                0x080007fc                HardFault_Handler
 .text.MemManage_Handler
                0x08000804        0x8 ./Core/Src/stm32f3xx_it.o
                0x08000804                MemManage_Handler
 .text.BusFault_Handler
                0x0800080c        0x8 ./Core/Src/stm32f3xx_it.o
                0x0800080c                BusFault_Handler
 .text.UsageFault_Handler
                0x08000814        0x8 ./Core/Src/stm32f3xx_it.o
                0x08000814                UsageFault_Handler
 .text.SVC_Handler
                0x0800081c        0xe ./Core/Src/stm32f3xx_it.o
                0x0800081c                SVC_Handler
 .text.DebugMon_Handler
                0x0800082a        0xe ./Core/Src/stm32f3xx_it.o
                0x0800082a                DebugMon_Handler
 .text.PendSV_Handler
                0x08000838        0xe ./Core/Src/stm32f3xx_it.o
                0x08000838                PendSV_Handler
 .text.SysTick_Handler
                0x08000846        0xc ./Core/Src/stm32f3xx_it.o
                0x08000846                SysTick_Handler
 *fill*         0x08000852        0x2 
 .text.DMA1_Channel3_IRQHandler
                0x08000854       0x14 ./Core/Src/stm32f3xx_it.o
                0x08000854                DMA1_Channel3_IRQHandler
 .text.DMA1_Channel6_IRQHandler
                0x08000868       0x14 ./Core/Src/stm32f3xx_it.o
                0x08000868                DMA1_Channel6_IRQHandler
 .text.SystemInit
                0x0800087c       0x24 ./Core/Src/system_stm32f3xx.o
                0x0800087c                SystemInit
 .text.MX_USART2_UART_Init
                0x080008a0       0x60 ./Core/Src/usart.o
                0x080008a0                MX_USART2_UART_Init
 .text.MX_USART3_UART_Init
                0x08000900       0x60 ./Core/Src/usart.o
                0x08000900                MX_USART3_UART_Init
 .text.HAL_UART_MspInit
                0x08000960      0x194 ./Core/Src/usart.o
                0x08000960                HAL_UART_MspInit
 .text.Reset_Handler
                0x08000af4       0x50 ./Core/Startup/startup_stm32f303retx.o
                0x08000af4                Reset_Handler
 .text.Default_Handler
                0x08000b44        0x2 ./Core/Startup/startup_stm32f303retx.o
                0x08000b44                RTC_Alarm_IRQHandler
                0x08000b44                TIM8_TRG_COM_IRQHandler
                0x08000b44                TIM8_CC_IRQHandler
                0x08000b44                SPI4_IRQHandler
                0x08000b44                TIM1_CC_IRQHandler
                0x08000b44                USB_HP_IRQHandler
                0x08000b44                PVD_IRQHandler
                0x08000b44                TAMP_STAMP_IRQHandler
                0x08000b44                EXTI3_IRQHandler
                0x08000b44                I2C3_ER_IRQHandler
                0x08000b44                USB_HP_CAN_TX_IRQHandler
                0x08000b44                EXTI0_IRQHandler
                0x08000b44                I2C2_EV_IRQHandler
                0x08000b44                FPU_IRQHandler
                0x08000b44                TIM1_UP_TIM16_IRQHandler
                0x08000b44                ADC1_2_IRQHandler
                0x08000b44                SPI1_IRQHandler
                0x08000b44                CAN_SCE_IRQHandler
                0x08000b44                TIM6_DAC_IRQHandler
                0x08000b44                TIM8_UP_IRQHandler
                0x08000b44                DMA2_Channel2_IRQHandler
                0x08000b44                DMA1_Channel4_IRQHandler
                0x08000b44                TIM20_TRG_COM_IRQHandler
                0x08000b44                USART3_IRQHandler
                0x08000b44                DMA1_Channel7_IRQHandler
                0x08000b44                UART5_IRQHandler
                0x08000b44                ADC3_IRQHandler
                0x08000b44                TIM4_IRQHandler
                0x08000b44                CAN_RX1_IRQHandler
                0x08000b44                DMA2_Channel1_IRQHandler
                0x08000b44                I2C1_EV_IRQHandler
                0x08000b44                UART4_IRQHandler
                0x08000b44                DMA2_Channel4_IRQHandler
                0x08000b44                TIM3_IRQHandler
                0x08000b44                RCC_IRQHandler
                0x08000b44                TIM20_UP_IRQHandler
                0x08000b44                DMA1_Channel1_IRQHandler
                0x08000b44                Default_Handler
                0x08000b44                USBWakeUp_RMP_IRQHandler
                0x08000b44                EXTI15_10_IRQHandler
                0x08000b44                TIM7_IRQHandler
                0x08000b44                I2C3_EV_IRQHandler
                0x08000b44                EXTI9_5_IRQHandler
                0x08000b44                RTC_WKUP_IRQHandler
                0x08000b44                SPI2_IRQHandler
                0x08000b44                USB_LP_CAN_RX0_IRQHandler
                0x08000b44                DMA2_Channel5_IRQHandler
                0x08000b44                DMA1_Channel5_IRQHandler
                0x08000b44                USB_LP_IRQHandler
                0x08000b44                EXTI4_IRQHandler
                0x08000b44                TIM1_TRG_COM_TIM17_IRQHandler
                0x08000b44                ADC4_IRQHandler
                0x08000b44                WWDG_IRQHandler
                0x08000b44                TIM2_IRQHandler
                0x08000b44                COMP7_IRQHandler
                0x08000b44                COMP1_2_3_IRQHandler
                0x08000b44                EXTI1_IRQHandler
                0x08000b44                USART2_IRQHandler
                0x08000b44                COMP4_5_6_IRQHandler
                0x08000b44                TIM20_BRK_IRQHandler
                0x08000b44                I2C2_ER_IRQHandler
                0x08000b44                DMA1_Channel2_IRQHandler
                0x08000b44                TIM8_BRK_IRQHandler
                0x08000b44                FLASH_IRQHandler
                0x08000b44                TIM20_CC_IRQHandler
                0x08000b44                USART1_IRQHandler
                0x08000b44                SPI3_IRQHandler
                0x08000b44                I2C1_ER_IRQHandler
                0x08000b44                FMC_IRQHandler
                0x08000b44                USBWakeUp_IRQHandler
                0x08000b44                DMA2_Channel3_IRQHandler
                0x08000b44                EXTI2_TSC_IRQHandler
                0x08000b44                TIM1_BRK_TIM15_IRQHandler
 *fill*         0x08000b46        0x2 
 .text.HAL_Init
                0x08000b48       0x2c ./Drivers/STM32F3xx_HAL_Driver/Src/stm32f3xx_hal.o
                0x08000b48                HAL_Init
 .text.HAL_InitTick
                0x08000b74       0x60 ./Drivers/STM32F3xx_HAL_Driver/Src/stm32f3xx_hal.o
                0x08000b74                HAL_InitTick
 .text.HAL_IncTick
                0x08000bd4       0x28 ./Drivers/STM32F3xx_HAL_Driver/Src/stm32f3xx_hal.o
                0x08000bd4                HAL_IncTick
 .text.HAL_GetTick
                0x08000bfc       0x18 ./Drivers/STM32F3xx_HAL_Driver/Src/stm32f3xx_hal.o
                0x08000bfc                HAL_GetTick
 .text.__NVIC_SetPriorityGrouping
                0x08000c14       0x48 ./Drivers/STM32F3xx_HAL_Driver/Src/stm32f3xx_hal_cortex.o
 .text.__NVIC_GetPriorityGrouping
                0x08000c5c       0x1c ./Drivers/STM32F3xx_HAL_Driver/Src/stm32f3xx_hal_cortex.o
 .text.__NVIC_EnableIRQ
                0x08000c78       0x3c ./Drivers/STM32F3xx_HAL_Driver/Src/stm32f3xx_hal_cortex.o
 .text.__NVIC_SetPriority
                0x08000cb4       0x54 ./Drivers/STM32F3xx_HAL_Driver/Src/stm32f3xx_hal_cortex.o
 .text.NVIC_EncodePriority
                0x08000d08       0x66 ./Drivers/STM32F3xx_HAL_Driver/Src/stm32f3xx_hal_cortex.o
 *fill*         0x08000d6e        0x2 
 .text.SysTick_Config
                0x08000d70       0x44 ./Drivers/STM32F3xx_HAL_Driver/Src/stm32f3xx_hal_cortex.o
 .text.HAL_NVIC_SetPriorityGrouping
                0x08000db4       0x16 ./Drivers/STM32F3xx_HAL_Driver/Src/stm32f3xx_hal_cortex.o
                0x08000db4                HAL_NVIC_SetPriorityGrouping
 .text.HAL_NVIC_SetPriority
                0x08000dca       0x38 ./Drivers/STM32F3xx_HAL_Driver/Src/stm32f3xx_hal_cortex.o
                0x08000dca                HAL_NVIC_SetPriority
 .text.HAL_NVIC_EnableIRQ
                0x08000e02       0x1c ./Drivers/STM32F3xx_HAL_Driver/Src/stm32f3xx_hal_cortex.o
                0x08000e02                HAL_NVIC_EnableIRQ
 .text.HAL_SYSTICK_Config
                0x08000e1e       0x18 ./Drivers/STM32F3xx_HAL_Driver/Src/stm32f3xx_hal_cortex.o
                0x08000e1e                HAL_SYSTICK_Config
 .text.HAL_DMA_Init
                0x08000e36       0x8e ./Drivers/STM32F3xx_HAL_Driver/Src/stm32f3xx_hal_dma.o
                0x08000e36                HAL_DMA_Init
 .text.HAL_DMA_IRQHandler
                0x08000ec4      0x146 ./Drivers/STM32F3xx_HAL_Driver/Src/stm32f3xx_hal_dma.o
                0x08000ec4                HAL_DMA_IRQHandler
 *fill*         0x0800100a        0x2 
 .text.DMA_CalcBaseAndBitshift
                0x0800100c       0x78 ./Drivers/STM32F3xx_HAL_Driver/Src/stm32f3xx_hal_dma.o
 .text.HAL_GPIO_Init
                0x08001084      0x314 ./Drivers/STM32F3xx_HAL_Driver/Src/stm32f3xx_hal_gpio.o
                0x08001084                HAL_GPIO_Init
 .text.HAL_GPIO_WritePin
                0x08001398       0x30 ./Drivers/STM32F3xx_HAL_Driver/Src/stm32f3xx_hal_gpio.o
                0x08001398                HAL_GPIO_WritePin
 .text.HAL_I2C_Init
                0x080013c8      0x136 ./Drivers/STM32F3xx_HAL_Driver/Src/stm32f3xx_hal_i2c.o
                0x080013c8                HAL_I2C_Init
 .text.HAL_I2CEx_ConfigAnalogFilter
                0x080014fe       0x96 ./Drivers/STM32F3xx_HAL_Driver/Src/stm32f3xx_hal_i2c_ex.o
                0x080014fe                HAL_I2CEx_ConfigAnalogFilter
 .text.HAL_I2CEx_ConfigDigitalFilter
                0x08001594       0x98 ./Drivers/STM32F3xx_HAL_Driver/Src/stm32f3xx_hal_i2c_ex.o
                0x08001594                HAL_I2CEx_ConfigDigitalFilter
 .text.HAL_RCC_OscConfig
                0x0800162c     0x1048 ./Drivers/STM32F3xx_HAL_Driver/Src/stm32f3xx_hal_rcc.o
                0x0800162c                HAL_RCC_OscConfig
 .text.HAL_RCC_ClockConfig
                0x08002674      0x2dc ./Drivers/STM32F3xx_HAL_Driver/Src/stm32f3xx_hal_rcc.o
                0x08002674                HAL_RCC_ClockConfig
 .text.HAL_RCC_GetSysClockFreq
                0x08002950       0xa8 ./Drivers/STM32F3xx_HAL_Driver/Src/stm32f3xx_hal_rcc.o
                0x08002950                HAL_RCC_GetSysClockFreq
 .text.HAL_RCC_GetHCLKFreq
                0x080029f8       0x18 ./Drivers/STM32F3xx_HAL_Driver/Src/stm32f3xx_hal_rcc.o
                0x080029f8                HAL_RCC_GetHCLKFreq
 .text.HAL_RCC_GetPCLK1Freq
                0x08002a10       0x44 ./Drivers/STM32F3xx_HAL_Driver/Src/stm32f3xx_hal_rcc.o
                0x08002a10                HAL_RCC_GetPCLK1Freq
 .text.HAL_RCC_GetPCLK2Freq
                0x08002a54       0x44 ./Drivers/STM32F3xx_HAL_Driver/Src/stm32f3xx_hal_rcc.o
                0x08002a54                HAL_RCC_GetPCLK2Freq
 .text.HAL_RCCEx_PeriphCLKConfig
                0x08002a98      0x438 ./Drivers/STM32F3xx_HAL_Driver/Src/stm32f3xx_hal_rcc_ex.o
                0x08002a98                HAL_RCCEx_PeriphCLKConfig
 .text.HAL_SPI_Init
                0x08002ed0      0x156 ./Drivers/STM32F3xx_HAL_Driver/Src/stm32f3xx_hal_spi.o
                0x08002ed0                HAL_SPI_Init
 .text.HAL_UART_Init
                0x08003026       0x9c ./Drivers/STM32F3xx_HAL_Driver/Src/stm32f3xx_hal_uart.o
                0x08003026                HAL_UART_Init
 *fill*         0x080030c2        0x2 
 .text.UART_SetConfig
                0x080030c4      0x3a8 ./Drivers/STM32F3xx_HAL_Driver/Src/stm32f3xx_hal_uart.o
                0x080030c4                UART_SetConfig
 .text.UART_AdvFeatureConfig
                0x0800346c      0x144 ./Drivers/STM32F3xx_HAL_Driver/Src/stm32f3xx_hal_uart.o
                0x0800346c                UART_AdvFeatureConfig
 .text.UART_CheckIdleState
                0x080035b0      0x150 ./Drivers/STM32F3xx_HAL_Driver/Src/stm32f3xx_hal_uart.o
                0x080035b0                UART_CheckIdleState
 .text.UART_WaitOnFlagUntilTimeout
                0x08003700       0xda ./Drivers/STM32F3xx_HAL_Driver/Src/stm32f3xx_hal_uart.o
                0x08003700                UART_WaitOnFlagUntilTimeout
 .text.UART_EndRxTransfer
                0x080037da       0xc8 ./Drivers/STM32F3xx_HAL_Driver/Src/stm32f3xx_hal_uart.o
 .text.Setup    0x080038a2        0xe ./user_code/src/application/user_main.o
                0x080038a2                Setup
 .text.Loop     0x080038b0        0xe ./user_code/src/application/user_main.o
                0x080038b0                Loop
 .text.memset   0x080038be       0x10 C:/ST/STM32CubeIDE_1.19.0/STM32CubeIDE/plugins/com.st.stm32cube.ide.mcu.externaltools.gnu-tools-for-stm32.13.3.rel1.win32_1.0.0.202411081344/tools/bin/../lib/gcc/arm-none-eabi/13.3.1/../../../../arm-none-eabi/lib/thumb/v7e-m+fp/hard\libc_nano.a(libc_a-memset.o)
                0x080038be                memset
 *fill*         0x080038ce        0x2 
 .text.__libc_init_array
                0x080038d0       0x48 C:/ST/STM32CubeIDE_1.19.0/STM32CubeIDE/plugins/com.st.stm32cube.ide.mcu.externaltools.gnu-tools-for-stm32.13.3.rel1.win32_1.0.0.202411081344/tools/bin/../lib/gcc/arm-none-eabi/13.3.1/../../../../arm-none-eabi/lib/thumb/v7e-m+fp/hard\libc_nano.a(libc_a-init.o)
                0x080038d0                __libc_init_array
 *(.glue_7)
 .glue_7        0x08003918        0x0 linker stubs
 *(.glue_7t)
 .glue_7t       0x08003918        0x0 linker stubs
 *(.eh_frame)
 .eh_frame      0x08003918        0x0 C:/ST/STM32CubeIDE_1.19.0/STM32CubeIDE/plugins/com.st.stm32cube.ide.mcu.externaltools.gnu-tools-for-stm32.13.3.rel1.win32_1.0.0.202411081344/tools/bin/../lib/gcc/arm-none-eabi/13.3.1/thumb/v7e-m+fp/hard/crtbegin.o
 *(.init)
 .init          0x08003918        0x4 C:/ST/STM32CubeIDE_1.19.0/STM32CubeIDE/plugins/com.st.stm32cube.ide.mcu.externaltools.gnu-tools-for-stm32.13.3.rel1.win32_1.0.0.202411081344/tools/bin/../lib/gcc/arm-none-eabi/13.3.1/thumb/v7e-m+fp/hard/crti.o
                0x08003918                _init
 .init          0x0800391c        0x8 C:/ST/STM32CubeIDE_1.19.0/STM32CubeIDE/plugins/com.st.stm32cube.ide.mcu.externaltools.gnu-tools-for-stm32.13.3.rel1.win32_1.0.0.202411081344/tools/bin/../lib/gcc/arm-none-eabi/13.3.1/thumb/v7e-m+fp/hard/crtn.o
 *(.fini)
 .fini          0x08003924        0x4 C:/ST/STM32CubeIDE_1.19.0/STM32CubeIDE/plugins/com.st.stm32cube.ide.mcu.externaltools.gnu-tools-for-stm32.13.3.rel1.win32_1.0.0.202411081344/tools/bin/../lib/gcc/arm-none-eabi/13.3.1/thumb/v7e-m+fp/hard/crti.o
                0x08003924                _fini
 .fini          0x08003928        0x8 C:/ST/STM32CubeIDE_1.19.0/STM32CubeIDE/plugins/com.st.stm32cube.ide.mcu.externaltools.gnu-tools-for-stm32.13.3.rel1.win32_1.0.0.202411081344/tools/bin/../lib/gcc/arm-none-eabi/13.3.1/thumb/v7e-m+fp/hard/crtn.o
                0x08003930                        . = ALIGN (0x4)
                0x08003930                        _etext = .

.vfp11_veneer   0x08003930        0x0
 .vfp11_veneer  0x08003930        0x0 linker stubs

.v4_bx          0x08003930        0x0
 .v4_bx         0x08003930        0x0 linker stubs

.iplt           0x08003930        0x0
 .iplt          0x08003930        0x0 C:/ST/STM32CubeIDE_1.19.0/STM32CubeIDE/plugins/com.st.stm32cube.ide.mcu.externaltools.gnu-tools-for-stm32.13.3.rel1.win32_1.0.0.202411081344/tools/bin/../lib/gcc/arm-none-eabi/13.3.1/thumb/v7e-m+fp/hard/crtbegin.o

.rodata         0x08003930       0x38
                0x08003930                        . = ALIGN (0x4)
 *(.rodata)
 *(.rodata*)
 .rodata.AHBPrescTable
                0x08003930       0x10 ./Core/Src/system_stm32f3xx.o
                0x08003930                AHBPrescTable
 .rodata.APBPrescTable
                0x08003940        0x8 ./Core/Src/system_stm32f3xx.o
                0x08003940                APBPrescTable
 .rodata.aPLLMULFactorTable
                0x08003948       0x10 ./Drivers/STM32F3xx_HAL_Driver/Src/stm32f3xx_hal_rcc.o
 .rodata.aPredivFactorTable
                0x08003958       0x10 ./Drivers/STM32F3xx_HAL_Driver/Src/stm32f3xx_hal_rcc.o
                0x08003968                        . = ALIGN (0x4)

.ARM.extab      0x08003968        0x0
                0x08003968                        . = ALIGN (0x4)
 *(.ARM.extab* .gnu.linkonce.armextab.*)
                0x08003968                        . = ALIGN (0x4)

.ARM            0x08003968        0x0
                0x08003968                        . = ALIGN (0x4)
                0x08003968                        __exidx_start = .
 *(.ARM.exidx*)
                0x08003968                        __exidx_end = .
                0x08003968                        . = ALIGN (0x4)

.preinit_array  0x08003968        0x0
                0x08003968                        . = ALIGN (0x4)
                0x08003968                        PROVIDE (__preinit_array_start = .)
 *(.preinit_array*)
                0x08003968                        PROVIDE (__preinit_array_end = .)
                0x08003968                        . = ALIGN (0x4)

.init_array     0x08003968        0x4
                0x08003968                        . = ALIGN (0x4)
                0x08003968                        PROVIDE (__init_array_start = .)
 *(SORT_BY_NAME(.init_array.*))
 *(.init_array*)
 .init_array    0x08003968        0x4 C:/ST/STM32CubeIDE_1.19.0/STM32CubeIDE/plugins/com.st.stm32cube.ide.mcu.externaltools.gnu-tools-for-stm32.13.3.rel1.win32_1.0.0.202411081344/tools/bin/../lib/gcc/arm-none-eabi/13.3.1/thumb/v7e-m+fp/hard/crtbegin.o
                0x0800396c                        PROVIDE (__init_array_end = .)
                0x0800396c                        . = ALIGN (0x4)

.fini_array     0x0800396c        0x4
                0x0800396c                        . = ALIGN (0x4)
                [!provide]                        PROVIDE (__fini_array_start = .)
 *(SORT_BY_NAME(.fini_array.*))
 *(.fini_array*)
 .fini_array    0x0800396c        0x4 C:/ST/STM32CubeIDE_1.19.0/STM32CubeIDE/plugins/com.st.stm32cube.ide.mcu.externaltools.gnu-tools-for-stm32.13.3.rel1.win32_1.0.0.202411081344/tools/bin/../lib/gcc/arm-none-eabi/13.3.1/thumb/v7e-m+fp/hard/crtbegin.o
                [!provide]                        PROVIDE (__fini_array_end = .)
                0x08003970                        . = ALIGN (0x4)
                0x08003970                        _sidata = LOADADDR (.data)

.rel.dyn        0x08003970        0x0
 .rel.iplt      0x08003970        0x0 C:/ST/STM32CubeIDE_1.19.0/STM32CubeIDE/plugins/com.st.stm32cube.ide.mcu.externaltools.gnu-tools-for-stm32.13.3.rel1.win32_1.0.0.202411081344/tools/bin/../lib/gcc/arm-none-eabi/13.3.1/thumb/v7e-m+fp/hard/crtbegin.o

.data           0x20000000        0xc load address 0x08003970
                0x20000000                        . = ALIGN (0x4)
                0x20000000                        _sdata = .
 *(.data)
 *(.data*)
 .data.SystemCoreClock
                0x20000000        0x4 ./Core/Src/system_stm32f3xx.o
                0x20000000                SystemCoreClock
 .data.uwTickPrio
                0x20000004        0x4 ./Drivers/STM32F3xx_HAL_Driver/Src/stm32f3xx_hal.o
                0x20000004                uwTickPrio
 .data.uwTickFreq
                0x20000008        0x1 ./Drivers/STM32F3xx_HAL_Driver/Src/stm32f3xx_hal.o
                0x20000008                uwTickFreq
 *(.RamFunc)
 *(.RamFunc*)
                0x2000000c                        . = ALIGN (0x4)
 *fill*         0x20000009        0x3 
                0x2000000c                        _edata = .
                0x0800397c                        _siccmram = LOADADDR (.ccmram)

.igot.plt       0x2000000c        0x0 load address 0x0800397c
 .igot.plt      0x2000000c        0x0 C:/ST/STM32CubeIDE_1.19.0/STM32CubeIDE/plugins/com.st.stm32cube.ide.mcu.externaltools.gnu-tools-for-stm32.13.3.rel1.win32_1.0.0.202411081344/tools/bin/../lib/gcc/arm-none-eabi/13.3.1/thumb/v7e-m+fp/hard/crtbegin.o

.ccmram         0x10000000        0x0 load address 0x0800397c
                0x10000000                        . = ALIGN (0x4)
                0x10000000                        _sccmram = .
 *(.ccmram)
 *(.ccmram*)
                0x10000000                        . = ALIGN (0x4)
                0x10000000                        _eccmram = .
                0x10000000                        . = ALIGN (0x4)

.bss            0x2000000c      0x2c4
                0x2000000c                        _sbss = .
                0x2000000c                        __bss_start__ = _sbss
 *(.bss)
 .bss           0x2000000c       0x1c C:/ST/STM32CubeIDE_1.19.0/STM32CubeIDE/plugins/com.st.stm32cube.ide.mcu.externaltools.gnu-tools-for-stm32.13.3.rel1.win32_1.0.0.202411081344/tools/bin/../lib/gcc/arm-none-eabi/13.3.1/thumb/v7e-m+fp/hard/crtbegin.o
 *(.bss*)
 .bss.hi2c1     0x20000028       0x54 ./Core/Src/i2c.o
                0x20000028                hi2c1
 .bss.hi2c3     0x2000007c       0x54 ./Core/Src/i2c.o
                0x2000007c                hi2c3
 .bss.hspi2     0x200000d0       0x64 ./Core/Src/spi.o
                0x200000d0                hspi2
 .bss.huart2    0x20000134       0x88 ./Core/Src/usart.o
                0x20000134                huart2
 .bss.huart3    0x200001bc       0x88 ./Core/Src/usart.o
                0x200001bc                huart3
 .bss.hdma_usart2_rx
                0x20000244       0x44 ./Core/Src/usart.o
                0x20000244                hdma_usart2_rx
 .bss.hdma_usart3_rx
                0x20000288       0x44 ./Core/Src/usart.o
                0x20000288                hdma_usart3_rx
 .bss.uwTick    0x200002cc        0x4 ./Drivers/STM32F3xx_HAL_Driver/Src/stm32f3xx_hal.o
                0x200002cc                uwTick
 *(COMMON)
                0x200002d0                        . = ALIGN (0x4)
                0x200002d0                        _ebss = .
                0x200002d0                        __bss_end__ = _ebss

._user_heap_stack
                0x200002d0      0x600
                0x200002d0                        . = ALIGN (0x8)
                [!provide]                        PROVIDE (end = .)
                0x200002d0                        PROVIDE (_end = .)
                0x200004d0                        . = (. + _Min_Heap_Size)
 *fill*         0x200002d0      0x200 
                0x200008d0                        . = (. + _Min_Stack_Size)
 *fill*         0x200004d0      0x400 
                0x200008d0                        . = ALIGN (0x8)

/DISCARD/
 libc.a(*)
 libm.a(*)
 libgcc.a(*)

.ARM.attributes
                0x00000000       0x30
 *(.ARM.attributes)
 .ARM.attributes
                0x00000000       0x22 C:/ST/STM32CubeIDE_1.19.0/STM32CubeIDE/plugins/com.st.stm32cube.ide.mcu.externaltools.gnu-tools-for-stm32.13.3.rel1.win32_1.0.0.202411081344/tools/bin/../lib/gcc/arm-none-eabi/13.3.1/thumb/v7e-m+fp/hard/crti.o
 .ARM.attributes
                0x00000022       0x34 C:/ST/STM32CubeIDE_1.19.0/STM32CubeIDE/plugins/com.st.stm32cube.ide.mcu.externaltools.gnu-tools-for-stm32.13.3.rel1.win32_1.0.0.202411081344/tools/bin/../lib/gcc/arm-none-eabi/13.3.1/thumb/v7e-m+fp/hard/crtbegin.o
 .ARM.attributes
                0x00000056       0x34 ./Core/Src/dma.o
 .ARM.attributes
                0x0000008a       0x34 ./Core/Src/gpio.o
 .ARM.attributes
                0x000000be       0x34 ./Core/Src/i2c.o
 .ARM.attributes
                0x000000f2       0x34 ./Core/Src/main.o
 .ARM.attributes
                0x00000126       0x34 ./Core/Src/spi.o
 .ARM.attributes
                0x0000015a       0x34 ./Core/Src/stm32f3xx_hal_msp.o
 .ARM.attributes
                0x0000018e       0x34 ./Core/Src/stm32f3xx_it.o
 .ARM.attributes
                0x000001c2       0x34 ./Core/Src/system_stm32f3xx.o
 .ARM.attributes
                0x000001f6       0x34 ./Core/Src/usart.o
 .ARM.attributes
                0x0000022a       0x21 ./Core/Startup/startup_stm32f303retx.o
 .ARM.attributes
                0x0000024b       0x34 ./Drivers/STM32F3xx_HAL_Driver/Src/stm32f3xx_hal.o
 .ARM.attributes
                0x0000027f       0x34 ./Drivers/STM32F3xx_HAL_Driver/Src/stm32f3xx_hal_cortex.o
 .ARM.attributes
                0x000002b3       0x34 ./Drivers/STM32F3xx_HAL_Driver/Src/stm32f3xx_hal_dma.o
 .ARM.attributes
                0x000002e7       0x34 ./Drivers/STM32F3xx_HAL_Driver/Src/stm32f3xx_hal_gpio.o
 .ARM.attributes
                0x0000031b       0x34 ./Drivers/STM32F3xx_HAL_Driver/Src/stm32f3xx_hal_i2c.o
 .ARM.attributes
                0x0000034f       0x34 ./Drivers/STM32F3xx_HAL_Driver/Src/stm32f3xx_hal_i2c_ex.o
 .ARM.attributes
                0x00000383       0x34 ./Drivers/STM32F3xx_HAL_Driver/Src/stm32f3xx_hal_rcc.o
 .ARM.attributes
                0x000003b7       0x34 ./Drivers/STM32F3xx_HAL_Driver/Src/stm32f3xx_hal_rcc_ex.o
 .ARM.attributes
                0x000003eb       0x34 ./Drivers/STM32F3xx_HAL_Driver/Src/stm32f3xx_hal_spi.o
 .ARM.attributes
                0x0000041f       0x34 ./Drivers/STM32F3xx_HAL_Driver/Src/stm32f3xx_hal_uart.o
 .ARM.attributes
                0x00000453       0x34 ./user_code/src/application/user_main.o
 .ARM.attributes
                0x00000487       0x34 C:/ST/STM32CubeIDE_1.19.0/STM32CubeIDE/plugins/com.st.stm32cube.ide.mcu.externaltools.gnu-tools-for-stm32.13.3.rel1.win32_1.0.0.202411081344/tools/bin/../lib/gcc/arm-none-eabi/13.3.1/../../../../arm-none-eabi/lib/thumb/v7e-m+fp/hard\libc_nano.a(libc_a-memset.o)
 .ARM.attributes
                0x000004bb       0x34 C:/ST/STM32CubeIDE_1.19.0/STM32CubeIDE/plugins/com.st.stm32cube.ide.mcu.externaltools.gnu-tools-for-stm32.13.3.rel1.win32_1.0.0.202411081344/tools/bin/../lib/gcc/arm-none-eabi/13.3.1/../../../../arm-none-eabi/lib/thumb/v7e-m+fp/hard\libc_nano.a(libc_a-init.o)
 .ARM.attributes
                0x000004ef       0x22 C:/ST/STM32CubeIDE_1.19.0/STM32CubeIDE/plugins/com.st.stm32cube.ide.mcu.externaltools.gnu-tools-for-stm32.13.3.rel1.win32_1.0.0.202411081344/tools/bin/../lib/gcc/arm-none-eabi/13.3.1/thumb/v7e-m+fp/hard/crtn.o
OUTPUT(WillCore.elf elf32-littlearm)
LOAD linker stubs
LOAD C:/ST/STM32CubeIDE_1.19.0/STM32CubeIDE/plugins/com.st.stm32cube.ide.mcu.externaltools.gnu-tools-for-stm32.13.3.rel1.win32_1.0.0.202411081344/tools/bin/../lib/gcc/arm-none-eabi/13.3.1/../../../../arm-none-eabi/lib/thumb/v7e-m+fp/hard\libc.a
LOAD C:/ST/STM32CubeIDE_1.19.0/STM32CubeIDE/plugins/com.st.stm32cube.ide.mcu.externaltools.gnu-tools-for-stm32.13.3.rel1.win32_1.0.0.202411081344/tools/bin/../lib/gcc/arm-none-eabi/13.3.1/../../../../arm-none-eabi/lib/thumb/v7e-m+fp/hard\libm.a
LOAD C:/ST/STM32CubeIDE_1.19.0/STM32CubeIDE/plugins/com.st.stm32cube.ide.mcu.externaltools.gnu-tools-for-stm32.13.3.rel1.win32_1.0.0.202411081344/tools/bin/../lib/gcc/arm-none-eabi/13.3.1/thumb/v7e-m+fp/hard\libgcc.a

.debug_info     0x00000000     0xe6bf
 .debug_info    0x00000000      0x3ad ./Core/Src/dma.o
 .debug_info    0x000003ad      0x321 ./Core/Src/gpio.o
 .debug_info    0x000006ce      0x944 ./Core/Src/i2c.o
 .debug_info    0x00001012      0x435 ./Core/Src/main.o
 .debug_info    0x00001447      0x851 ./Core/Src/spi.o
 .debug_info    0x00001c98      0x18d ./Core/Src/stm32f3xx_hal_msp.o
 .debug_info    0x00001e25      0x371 ./Core/Src/stm32f3xx_it.o
 .debug_info    0x00002196      0x407 ./Core/Src/system_stm32f3xx.o
 .debug_info    0x0000259d      0x9c0 ./Core/Src/usart.o
 .debug_info    0x00002f5d       0x30 ./Core/Startup/startup_stm32f303retx.o
 .debug_info    0x00002f8d      0x804 ./Drivers/STM32F3xx_HAL_Driver/Src/stm32f3xx_hal.o
 .debug_info    0x00003791      0xd14 ./Drivers/STM32F3xx_HAL_Driver/Src/stm32f3xx_hal_cortex.o
 .debug_info    0x000044a5      0x6e1 ./Drivers/STM32F3xx_HAL_Driver/Src/stm32f3xx_hal_dma.o
 .debug_info    0x00004b86      0x6a6 ./Drivers/STM32F3xx_HAL_Driver/Src/stm32f3xx_hal_gpio.o
 .debug_info    0x0000522c     0x20c3 ./Drivers/STM32F3xx_HAL_Driver/Src/stm32f3xx_hal_i2c.o
 .debug_info    0x000072ef      0x8c0 ./Drivers/STM32F3xx_HAL_Driver/Src/stm32f3xx_hal_i2c_ex.o
 .debug_info    0x00007baf     0x149a ./Drivers/STM32F3xx_HAL_Driver/Src/stm32f3xx_hal_rcc.o
 .debug_info    0x00009049      0x61b ./Drivers/STM32F3xx_HAL_Driver/Src/stm32f3xx_hal_rcc_ex.o
 .debug_info    0x00009664     0x1622 ./Drivers/STM32F3xx_HAL_Driver/Src/stm32f3xx_hal_spi.o
 .debug_info    0x0000ac86     0x39a8 ./Drivers/STM32F3xx_HAL_Driver/Src/stm32f3xx_hal_uart.o
 .debug_info    0x0000e62e       0x91 ./user_code/src/application/user_main.o

.debug_abbrev   0x00000000     0x253d
 .debug_abbrev  0x00000000       0xfc ./Core/Src/dma.o
 .debug_abbrev  0x000000fc      0x151 ./Core/Src/gpio.o
 .debug_abbrev  0x0000024d      0x21a ./Core/Src/i2c.o
 .debug_abbrev  0x00000467      0x192 ./Core/Src/main.o
 .debug_abbrev  0x000005f9      0x1f1 ./Core/Src/spi.o
 .debug_abbrev  0x000007ea       0xc6 ./Core/Src/stm32f3xx_hal_msp.o
 .debug_abbrev  0x000008b0      0x170 ./Core/Src/stm32f3xx_it.o
 .debug_abbrev  0x00000a20      0x11a ./Core/Src/system_stm32f3xx.o
 .debug_abbrev  0x00000b3a      0x211 ./Core/Src/usart.o
 .debug_abbrev  0x00000d4b       0x24 ./Core/Startup/startup_stm32f303retx.o
 .debug_abbrev  0x00000d6f      0x215 ./Drivers/STM32F3xx_HAL_Driver/Src/stm32f3xx_hal.o
 .debug_abbrev  0x00000f84      0x31e ./Drivers/STM32F3xx_HAL_Driver/Src/stm32f3xx_hal_cortex.o
 .debug_abbrev  0x000012a2      0x20d ./Drivers/STM32F3xx_HAL_Driver/Src/stm32f3xx_hal_dma.o
 .debug_abbrev  0x000014af      0x1ca ./Drivers/STM32F3xx_HAL_Driver/Src/stm32f3xx_hal_gpio.o
 .debug_abbrev  0x00001679      0x260 ./Drivers/STM32F3xx_HAL_Driver/Src/stm32f3xx_hal_i2c.o
 .debug_abbrev  0x000018d9      0x1c2 ./Drivers/STM32F3xx_HAL_Driver/Src/stm32f3xx_hal_i2c_ex.o
 .debug_abbrev  0x00001a9b      0x300 ./Drivers/STM32F3xx_HAL_Driver/Src/stm32f3xx_hal_rcc.o
 .debug_abbrev  0x00001d9b      0x221 ./Drivers/STM32F3xx_HAL_Driver/Src/stm32f3xx_hal_rcc_ex.o
 .debug_abbrev  0x00001fbc      0x269 ./Drivers/STM32F3xx_HAL_Driver/Src/stm32f3xx_hal_spi.o
 .debug_abbrev  0x00002225      0x2d1 ./Drivers/STM32F3xx_HAL_Driver/Src/stm32f3xx_hal_uart.o
 .debug_abbrev  0x000024f6       0x47 ./user_code/src/application/user_main.o

.debug_aranges  0x00000000      0xca8
 .debug_aranges
                0x00000000       0x20 ./Core/Src/dma.o
 .debug_aranges
                0x00000020       0x20 ./Core/Src/gpio.o
 .debug_aranges
                0x00000040       0x38 ./Core/Src/i2c.o
 .debug_aranges
                0x00000078       0x30 ./Core/Src/main.o
 .debug_aranges
                0x000000a8       0x30 ./Core/Src/spi.o
 .debug_aranges
                0x000000d8       0x20 ./Core/Src/stm32f3xx_hal_msp.o
 .debug_aranges
                0x000000f8       0x70 ./Core/Src/stm32f3xx_it.o
 .debug_aranges
                0x00000168       0x28 ./Core/Src/system_stm32f3xx.o
 .debug_aranges
                0x00000190       0x38 ./Core/Src/usart.o
 .debug_aranges
                0x000001c8       0x28 ./Core/Startup/startup_stm32f303retx.o
 .debug_aranges
                0x000001f0       0xe0 ./Drivers/STM32F3xx_HAL_Driver/Src/stm32f3xx_hal.o
 .debug_aranges
                0x000002d0      0x128 ./Drivers/STM32F3xx_HAL_Driver/Src/stm32f3xx_hal_cortex.o
 .debug_aranges
                0x000003f8       0x88 ./Drivers/STM32F3xx_HAL_Driver/Src/stm32f3xx_hal_dma.o
 .debug_aranges
                0x00000480       0x58 ./Drivers/STM32F3xx_HAL_Driver/Src/stm32f3xx_hal_gpio.o
 .debug_aranges
                0x000004d8      0x2a0 ./Drivers/STM32F3xx_HAL_Driver/Src/stm32f3xx_hal_i2c.o
 .debug_aranges
                0x00000778       0x48 ./Drivers/STM32F3xx_HAL_Driver/Src/stm32f3xx_hal_i2c_ex.o
 .debug_aranges
                0x000007c0       0x88 ./Drivers/STM32F3xx_HAL_Driver/Src/stm32f3xx_hal_rcc.o
 .debug_aranges
                0x00000848       0x38 ./Drivers/STM32F3xx_HAL_Driver/Src/stm32f3xx_hal_rcc_ex.o
 .debug_aranges
                0x00000880      0x1d8 ./Drivers/STM32F3xx_HAL_Driver/Src/stm32f3xx_hal_spi.o
 .debug_aranges
                0x00000a58      0x228 ./Drivers/STM32F3xx_HAL_Driver/Src/stm32f3xx_hal_uart.o
 .debug_aranges
                0x00000c80       0x28 ./user_code/src/application/user_main.o

.debug_rnglists
                0x00000000      0x9c7
 .debug_rnglists
                0x00000000       0x13 ./Core/Src/dma.o
 .debug_rnglists
                0x00000013       0x14 ./Core/Src/gpio.o
 .debug_rnglists
                0x00000027       0x29 ./Core/Src/i2c.o
 .debug_rnglists
                0x00000050       0x20 ./Core/Src/main.o
 .debug_rnglists
                0x00000070       0x20 ./Core/Src/spi.o
 .debug_rnglists
                0x00000090       0x13 ./Core/Src/stm32f3xx_hal_msp.o
 .debug_rnglists
                0x000000a3       0x4f ./Core/Src/stm32f3xx_it.o
 .debug_rnglists
                0x000000f2       0x1a ./Core/Src/system_stm32f3xx.o
 .debug_rnglists
                0x0000010c       0x26 ./Core/Src/usart.o
 .debug_rnglists
                0x00000132       0x19 ./Core/Startup/startup_stm32f303retx.o
 .debug_rnglists
                0x0000014b       0xa3 ./Drivers/STM32F3xx_HAL_Driver/Src/stm32f3xx_hal.o
 .debug_rnglists
                0x000001ee       0xda ./Drivers/STM32F3xx_HAL_Driver/Src/stm32f3xx_hal_cortex.o
 .debug_rnglists
                0x000002c8       0x69 ./Drivers/STM32F3xx_HAL_Driver/Src/stm32f3xx_hal_dma.o
 .debug_rnglists
                0x00000331       0x3f ./Drivers/STM32F3xx_HAL_Driver/Src/stm32f3xx_hal_gpio.o
 .debug_rnglists
                0x00000370      0x228 ./Drivers/STM32F3xx_HAL_Driver/Src/stm32f3xx_hal_i2c.o
 .debug_rnglists
                0x00000598       0x35 ./Drivers/STM32F3xx_HAL_Driver/Src/stm32f3xx_hal_i2c_ex.o
 .debug_rnglists
                0x000005cd       0x66 ./Drivers/STM32F3xx_HAL_Driver/Src/stm32f3xx_hal_rcc.o
 .debug_rnglists
                0x00000633       0x29 ./Drivers/STM32F3xx_HAL_Driver/Src/stm32f3xx_hal_rcc_ex.o
 .debug_rnglists
                0x0000065c      0x178 ./Drivers/STM32F3xx_HAL_Driver/Src/stm32f3xx_hal_spi.o
 .debug_rnglists
                0x000007d4      0x1da ./Drivers/STM32F3xx_HAL_Driver/Src/stm32f3xx_hal_uart.o
 .debug_rnglists
                0x000009ae       0x19 ./user_code/src/application/user_main.o

.debug_macro    0x00000000    0x20f61
 .debug_macro   0x00000000      0x1fb ./Core/Src/dma.o
 .debug_macro   0x000001fb      0xad8 ./Core/Src/dma.o
 .debug_macro   0x00000cd3      0x15e ./Core/Src/dma.o
 .debug_macro   0x00000e31       0x2e ./Core/Src/dma.o
 .debug_macro   0x00000e5f       0x28 ./Core/Src/dma.o
 .debug_macro   0x00000e87       0x22 ./Core/Src/dma.o
 .debug_macro   0x00000ea9       0x8e ./Core/Src/dma.o
 .debug_macro   0x00000f37       0x51 ./Core/Src/dma.o
 .debug_macro   0x00000f88      0x103 ./Core/Src/dma.o
 .debug_macro   0x0000108b       0x6a ./Core/Src/dma.o
 .debug_macro   0x000010f5      0x1df ./Core/Src/dma.o
 .debug_macro   0x000012d4       0x1c ./Core/Src/dma.o
 .debug_macro   0x000012f0       0x22 ./Core/Src/dma.o
 .debug_macro   0x00001312       0xd9 ./Core/Src/dma.o
 .debug_macro   0x000013eb     0x102d ./Core/Src/dma.o
 .debug_macro   0x00002418      0x11f ./Core/Src/dma.o
 .debug_macro   0x00002537    0x1535a ./Core/Src/dma.o
 .debug_macro   0x00017891       0x6d ./Core/Src/dma.o
 .debug_macro   0x000178fe     0x3574 ./Core/Src/dma.o
 .debug_macro   0x0001ae72      0x190 ./Core/Src/dma.o
 .debug_macro   0x0001b002       0x55 ./Core/Src/dma.o
 .debug_macro   0x0001b057      0x953 ./Core/Src/dma.o
 .debug_macro   0x0001b9aa      0x84a ./Core/Src/dma.o
 .debug_macro   0x0001c1f4      0x1b5 ./Core/Src/dma.o
 .debug_macro   0x0001c3a9      0x23a ./Core/Src/dma.o
 .debug_macro   0x0001c5e3      0x1ea ./Core/Src/dma.o
 .debug_macro   0x0001c7cd      0x1bc ./Core/Src/dma.o
 .debug_macro   0x0001c989       0x30 ./Core/Src/dma.o
 .debug_macro   0x0001c9b9       0x3c ./Core/Src/dma.o
 .debug_macro   0x0001c9f5      0x235 ./Core/Src/dma.o
 .debug_macro   0x0001cc2a       0xc5 ./Core/Src/dma.o
 .debug_macro   0x0001ccef      0x21d ./Core/Src/dma.o
 .debug_macro   0x0001cf0c      0x22c ./Core/Src/dma.o
 .debug_macro   0x0001d138       0x5b ./Core/Src/dma.o
 .debug_macro   0x0001d193       0xa5 ./Core/Src/dma.o
 .debug_macro   0x0001d238       0x81 ./Core/Src/dma.o
 .debug_macro   0x0001d2b9       0xd3 ./Core/Src/dma.o
 .debug_macro   0x0001d38c      0x2fe ./Core/Src/dma.o
 .debug_macro   0x0001d68a      0x5ba ./Core/Src/dma.o
 .debug_macro   0x0001dc44       0x44 ./Core/Src/dma.o
 .debug_macro   0x0001dc88      0x347 ./Core/Src/dma.o
 .debug_macro   0x0001dfcf       0x4c ./Core/Src/dma.o
 .debug_macro   0x0001e01b      0x1fb ./Core/Src/gpio.o
 .debug_macro   0x0001e216      0x1fb ./Core/Src/i2c.o
 .debug_macro   0x0001e411      0x227 ./Core/Src/main.o
 .debug_macro   0x0001e638      0x1fb ./Core/Src/spi.o
 .debug_macro   0x0001e833      0x1f1 ./Core/Src/stm32f3xx_hal_msp.o
 .debug_macro   0x0001ea24      0x1fb ./Core/Src/stm32f3xx_it.o
 .debug_macro   0x0001ec1f      0x1d8 ./Core/Src/system_stm32f3xx.o
 .debug_macro   0x0001edf7      0x1fb ./Core/Src/usart.o
 .debug_macro   0x0001eff2      0x1fc ./Drivers/STM32F3xx_HAL_Driver/Src/stm32f3xx_hal.o
 .debug_macro   0x0001f1ee      0x1d8 ./Drivers/STM32F3xx_HAL_Driver/Src/stm32f3xx_hal_cortex.o
 .debug_macro   0x0001f3c6      0x1d8 ./Drivers/STM32F3xx_HAL_Driver/Src/stm32f3xx_hal_dma.o
 .debug_macro   0x0001f59e      0x1df ./Drivers/STM32F3xx_HAL_Driver/Src/stm32f3xx_hal_gpio.o
 .debug_macro   0x0001f77d      0x2a4 ./Drivers/STM32F3xx_HAL_Driver/Src/stm32f3xx_hal_i2c.o
 .debug_macro   0x0001fa21      0x1d8 ./Drivers/STM32F3xx_HAL_Driver/Src/stm32f3xx_hal_i2c_ex.o
 .debug_macro   0x0001fbf9      0x1fc ./Drivers/STM32F3xx_HAL_Driver/Src/stm32f3xx_hal_rcc.o
 .debug_macro   0x0001fdf5      0x1d8 ./Drivers/STM32F3xx_HAL_Driver/Src/stm32f3xx_hal_rcc_ex.o
 .debug_macro   0x0001ffcd      0x1e0 ./Drivers/STM32F3xx_HAL_Driver/Src/stm32f3xx_hal_spi.o
 .debug_macro   0x000201ad      0x1f5 ./Drivers/STM32F3xx_HAL_Driver/Src/stm32f3xx_hal_uart.o
 .debug_macro   0x000203a2       0x8b ./user_code/src/application/user_main.o
 .debug_macro   0x0002042d      0xade ./user_code/src/application/user_main.o
 .debug_macro   0x00020f0b       0x56 ./user_code/src/application/user_main.o

.debug_line     0x00000000    0x132e1
 .debug_line    0x00000000      0x7be ./Core/Src/dma.o
 .debug_line    0x000007be      0x7f8 ./Core/Src/gpio.o
 .debug_line    0x00000fb6      0x8f7 ./Core/Src/i2c.o
 .debug_line    0x000018ad      0x881 ./Core/Src/main.o
 .debug_line    0x0000212e      0x83d ./Core/Src/spi.o
 .debug_line    0x0000296b      0x7c0 ./Core/Src/stm32f3xx_hal_msp.o
 .debug_line    0x0000312b      0x89f ./Core/Src/stm32f3xx_it.o
 .debug_line    0x000039ca      0x7f0 ./Core/Src/system_stm32f3xx.o
 .debug_line    0x000041ba      0x8f7 ./Core/Src/usart.o
 .debug_line    0x00004ab1       0x7a ./Core/Startup/startup_stm32f303retx.o
 .debug_line    0x00004b2b      0xa27 ./Drivers/STM32F3xx_HAL_Driver/Src/stm32f3xx_hal.o
 .debug_line    0x00005552      0xcf2 ./Drivers/STM32F3xx_HAL_Driver/Src/stm32f3xx_hal_cortex.o
 .debug_line    0x00006244      0xd15 ./Drivers/STM32F3xx_HAL_Driver/Src/stm32f3xx_hal_dma.o
 .debug_line    0x00006f59      0xb9a ./Drivers/STM32F3xx_HAL_Driver/Src/stm32f3xx_hal_gpio.o
 .debug_line    0x00007af3     0x3778 ./Drivers/STM32F3xx_HAL_Driver/Src/stm32f3xx_hal_i2c.o
 .debug_line    0x0000b26b      0x8d7 ./Drivers/STM32F3xx_HAL_Driver/Src/stm32f3xx_hal_i2c_ex.o
 .debug_line    0x0000bb42     0x159e ./Drivers/STM32F3xx_HAL_Driver/Src/stm32f3xx_hal_rcc.o
 .debug_line    0x0000d0e0      0xf8a ./Drivers/STM32F3xx_HAL_Driver/Src/stm32f3xx_hal_rcc_ex.o
 .debug_line    0x0000e06a     0x20b8 ./Drivers/STM32F3xx_HAL_Driver/Src/stm32f3xx_hal_spi.o
 .debug_line    0x00010122     0x2ca3 ./Drivers/STM32F3xx_HAL_Driver/Src/stm32f3xx_hal_uart.o
 .debug_line    0x00012dc5      0x51c ./user_code/src/application/user_main.o

.debug_str      0x00000000    0xbfdb3
 .debug_str     0x00000000    0xbfdb3 ./Core/Src/dma.o
                              0xbc890 (size before relaxing)
 .debug_str     0x000bfdb3    0xbc48f ./Core/Src/gpio.o
 .debug_str     0x000bfdb3    0xbc99f ./Core/Src/i2c.o
 .debug_str     0x000bfdb3    0xbc792 ./Core/Src/main.o
 .debug_str     0x000bfdb3    0xbc8c1 ./Core/Src/spi.o
 .debug_str     0x000bfdb3    0xbc3c4 ./Core/Src/stm32f3xx_hal_msp.o
 .debug_str     0x000bfdb3    0xbc641 ./Core/Src/stm32f3xx_it.o
 .debug_str     0x000bfdb3    0xbc34b ./Core/Src/system_stm32f3xx.o
 .debug_str     0x000bfdb3    0xbc96c ./Core/Src/usart.o
 .debug_str     0x000bfdb3       0x70 ./Core/Startup/startup_stm32f303retx.o
 .debug_str     0x000bfdb3    0xbcbf4 ./Drivers/STM32F3xx_HAL_Driver/Src/stm32f3xx_hal.o
 .debug_str     0x000bfdb3    0xbcc78 ./Drivers/STM32F3xx_HAL_Driver/Src/stm32f3xx_hal_cortex.o
 .debug_str     0x000bfdb3    0xbc693 ./Drivers/STM32F3xx_HAL_Driver/Src/stm32f3xx_hal_dma.o
 .debug_str     0x000bfdb3    0xbc530 ./Drivers/STM32F3xx_HAL_Driver/Src/stm32f3xx_hal_gpio.o
 .debug_str     0x000bfdb3    0xbd64b ./Drivers/STM32F3xx_HAL_Driver/Src/stm32f3xx_hal_i2c.o
 .debug_str     0x000bfdb3    0xbc8ce ./Drivers/STM32F3xx_HAL_Driver/Src/stm32f3xx_hal_i2c_ex.o
 .debug_str     0x000bfdb3    0xbc7ef ./Drivers/STM32F3xx_HAL_Driver/Src/stm32f3xx_hal_rcc.o
 .debug_str     0x000bfdb3    0xbc639 ./Drivers/STM32F3xx_HAL_Driver/Src/stm32f3xx_hal_rcc_ex.o
 .debug_str     0x000bfdb3    0xbcc71 ./Drivers/STM32F3xx_HAL_Driver/Src/stm32f3xx_hal_spi.o
 .debug_str     0x000bfdb3    0xbd06e ./Drivers/STM32F3xx_HAL_Driver/Src/stm32f3xx_hal_uart.o
 .debug_str     0x000bfdb3     0x3d8e ./user_code/src/application/user_main.o

.comment        0x00000000       0x43
 .comment       0x00000000       0x43 ./Core/Src/dma.o
                                 0x44 (size before relaxing)
 .comment       0x00000043       0x44 ./Core/Src/gpio.o
 .comment       0x00000043       0x44 ./Core/Src/i2c.o
 .comment       0x00000043       0x44 ./Core/Src/main.o
 .comment       0x00000043       0x44 ./Core/Src/spi.o
 .comment       0x00000043       0x44 ./Core/Src/stm32f3xx_hal_msp.o
 .comment       0x00000043       0x44 ./Core/Src/stm32f3xx_it.o
 .comment       0x00000043       0x44 ./Core/Src/system_stm32f3xx.o
 .comment       0x00000043       0x44 ./Core/Src/usart.o
 .comment       0x00000043       0x44 ./Drivers/STM32F3xx_HAL_Driver/Src/stm32f3xx_hal.o
 .comment       0x00000043       0x44 ./Drivers/STM32F3xx_HAL_Driver/Src/stm32f3xx_hal_cortex.o
 .comment       0x00000043       0x44 ./Drivers/STM32F3xx_HAL_Driver/Src/stm32f3xx_hal_dma.o
 .comment       0x00000043       0x44 ./Drivers/STM32F3xx_HAL_Driver/Src/stm32f3xx_hal_gpio.o
 .comment       0x00000043       0x44 ./Drivers/STM32F3xx_HAL_Driver/Src/stm32f3xx_hal_i2c.o
 .comment       0x00000043       0x44 ./Drivers/STM32F3xx_HAL_Driver/Src/stm32f3xx_hal_i2c_ex.o
 .comment       0x00000043       0x44 ./Drivers/STM32F3xx_HAL_Driver/Src/stm32f3xx_hal_rcc.o
 .comment       0x00000043       0x44 ./Drivers/STM32F3xx_HAL_Driver/Src/stm32f3xx_hal_rcc_ex.o
 .comment       0x00000043       0x44 ./Drivers/STM32F3xx_HAL_Driver/Src/stm32f3xx_hal_spi.o
 .comment       0x00000043       0x44 ./Drivers/STM32F3xx_HAL_Driver/Src/stm32f3xx_hal_uart.o
 .comment       0x00000043       0x44 ./user_code/src/application/user_main.o

.debug_frame    0x00000000     0x32a0
 .debug_frame   0x00000000       0x34 ./Core/Src/dma.o
 .debug_frame   0x00000034       0x34 ./Core/Src/gpio.o
 .debug_frame   0x00000068       0x90 ./Core/Src/i2c.o
 .debug_frame   0x000000f8       0x6c ./Core/Src/main.o
 .debug_frame   0x00000164       0x74 ./Core/Src/spi.o
 .debug_frame   0x000001d8       0x38 ./Core/Src/stm32f3xx_hal_msp.o
 .debug_frame   0x00000210      0x13c ./Core/Src/stm32f3xx_it.o
 .debug_frame   0x0000034c       0x58 ./Core/Src/system_stm32f3xx.o
 .debug_frame   0x000003a4       0x90 ./Core/Src/usart.o
 .debug_frame   0x00000434      0x334 ./Drivers/STM32F3xx_HAL_Driver/Src/stm32f3xx_hal.o
 .debug_frame   0x00000768      0x4e8 ./Drivers/STM32F3xx_HAL_Driver/Src/stm32f3xx_hal_cortex.o
 .debug_frame   0x00000c50      0x224 ./Drivers/STM32F3xx_HAL_Driver/Src/stm32f3xx_hal_dma.o
 .debug_frame   0x00000e74      0x14c ./Drivers/STM32F3xx_HAL_Driver/Src/stm32f3xx_hal_gpio.o
 .debug_frame   0x00000fc0      0xc38 ./Drivers/STM32F3xx_HAL_Driver/Src/stm32f3xx_hal_i2c.o
 .debug_frame   0x00001bf8      0x100 ./Drivers/STM32F3xx_HAL_Driver/Src/stm32f3xx_hal_i2c_ex.o
 .debug_frame   0x00001cf8      0x214 ./Drivers/STM32F3xx_HAL_Driver/Src/stm32f3xx_hal_rcc.o
 .debug_frame   0x00001f0c       0xb0 ./Drivers/STM32F3xx_HAL_Driver/Src/stm32f3xx_hal_rcc_ex.o
 .debug_frame   0x00001fbc      0x860 ./Drivers/STM32F3xx_HAL_Driver/Src/stm32f3xx_hal_spi.o
 .debug_frame   0x0000281c      0x9e8 ./Drivers/STM32F3xx_HAL_Driver/Src/stm32f3xx_hal_uart.o
 .debug_frame   0x00003204       0x50 ./user_code/src/application/user_main.o
 .debug_frame   0x00003254       0x20 C:/ST/STM32CubeIDE_1.19.0/STM32CubeIDE/plugins/com.st.stm32cube.ide.mcu.externaltools.gnu-tools-for-stm32.13.3.rel1.win32_1.0.0.202411081344/tools/bin/../lib/gcc/arm-none-eabi/13.3.1/../../../../arm-none-eabi/lib/thumb/v7e-m+fp/hard\libc_nano.a(libc_a-memset.o)
 .debug_frame   0x00003274       0x2c C:/ST/STM32CubeIDE_1.19.0/STM32CubeIDE/plugins/com.st.stm32cube.ide.mcu.externaltools.gnu-tools-for-stm32.13.3.rel1.win32_1.0.0.202411081344/tools/bin/../lib/gcc/arm-none-eabi/13.3.1/../../../../arm-none-eabi/lib/thumb/v7e-m+fp/hard\libc_nano.a(libc_a-init.o)

.debug_line_str
                0x00000000       0x54
 .debug_line_str
                0x00000000       0x54 ./Core/Startup/startup_stm32f303retx.o
